{
  "ok": false,
  "task": {
    "taskId": "dreamer-9a8687df-28f7-4c40-86a6-f2beaa928ae7-prompt",
    "taskKind": "dreamer",
    "status": "succeeded",
    "createdAt": "2026-06-13T01:48:33.816Z",
    "updatedAt": "2026-06-14T06:01:19.701Z",
    "attemptCount": 5,
    "maxAttempts": 6,
    "lastError": null,
    "resultRef": "dreamer://run_dreamer-9a8687df-28f7-4c40-86a6-f2beaa928ae7-prompt_5",
    "diagnosticJson": "{\"pi_metadata\":{\"dependencyTaskIds\":[],\"channel\":\"prompt\",\"timeoutMs\":300000,\"inputArtifactRefs\":[{\"artifactType\":\"candidate\",\"ref\":\"candidate://9a8687df-28f7-4c40-86a6-f2beaa928ae7\"}],\"outputArtifactRefs\":[],\"correlationId\":\"9a8687df-28f7-4c40-86a6-f2beaa928ae7\"},\"candidateId\":\"9a8687df-28f7-4c40-86a6-f2beaa928ae7\"}"
  },
  "runs": [
    {
      "runId": "run_dreamer-9a8687df-28f7-4c40-86a6-f2beaa928ae7-prompt_5",
      "taskId": "dreamer-9a8687df-28f7-4c40-86a6-f2beaa928ae7-prompt",
      "runtimeKind": "pi-ai",
      "executionStatus": "succeeded",
      "startedAt": "2026-06-14T06:01:00.958Z",
      "attemptNumber": 5,
      "createdAt": "2026-06-14T06:01:00.958Z",
      "updatedAt": "2026-06-14T06:01:19.701Z",
      "endedAt": "2026-06-14T06:01:19.701Z",
      "reason": "task_completed",
      "outputRef": "dreamer://run_dreamer-9a8687df-28f7-4c40-86a6-f2beaa928ae7-prompt_5",
      "outputPayload": "{\"valid\":true,\"candidates\":[{\"candidateIndex\":0,\"badDecision\":\"Not validating user input before processing\",\"betterDecision\":\"Add input validation and sanitization at the entry point\",\"rationale\":\"Input validation prevents injection attacks and ensures data integrity\",\"confidence\":0.95,\"riskLevel\":\"low\",\"strategicPerspective\":\"defensive_programming\"},{\"candidateIndex\":1,\"badDecision\":\"Using synchronous I/O in a high-concurrency path\",\"betterDecision\":\"Refactor to use asynchronous I/O or offload to worker threads\",\"rationale\":\"Synchronous I/O blocks the event loop, reducing throughput and responsiveness\",\"confidence\":0.9,\"riskLevel\":\"medium\",\"strategicPerspective\":\"fail_fast\"},{\"candidateIndex\":2,\"badDecision\":\"Hardcoding configuration values in business logic\",\"betterDecision\":\"Externalize configuration via environment variables or config files\",\"rationale\":\"Separation of concerns improves maintainability and deployability across environments\",\"confidence\":0.85,\"riskLevel\":\"low\",\"strategicPerspective\":\"separation_of_concerns\"}],\"sourcePrincipleId\":\"pri-001\",\"contextRefs\":[],\"generatedAt\":\"2026-05-05T12:00:00.000Z\",\"taskId\":\"dreamer-9a8687df-28f7-4c40-86a6-f2beaa928ae7-prompt\"}"
    }
  ],
  "degradedRuns": [
    {
      "runId": "run_dreamer-9a8687df-28f7-4c40-86a6-f2beaa928ae7-prompt_1",
      "error": "[storage_unavailable] Run run_dreamer-9a8687df-28f7-4c40-86a6-f2beaa928ae7-prompt_1 has invalid schema: /runtimeKind: Expected union value"
    },
    {
      "runId": "run_dreamer-9a8687df-28f7-4c40-86a6-f2beaa928ae7-prompt_2",
      "error": "[storage_unavailable] Run run_dreamer-9a8687df-28f7-4c40-86a6-f2beaa928ae7-prompt_2 has invalid schema: /runtimeKind: Expected union value, /errorCategory: Expected union value"
    },
    {
      "runId": "run_dreamer-9a8687df-28f7-4c40-86a6-f2beaa928ae7-prompt_3",
      "error": "[storage_unavailable] Run run_dreamer-9a8687df-28f7-4c40-86a6-f2beaa928ae7-prompt_3 has invalid schema: /errorCategory: Expected union value"
    },
    {
      "runId": "run_dreamer-9a8687df-28f7-4c40-86a6-f2beaa928ae7-prompt_4",
      "error": "[storage_unavailable] Run run_dreamer-9a8687df-28f7-4c40-86a6-f2beaa928ae7-prompt_4 has invalid schema: /errorCategory: Expected union value"
    }
  ],
  "reason": "[storage_unavailable] Task dreamer-9a8687df-28f7-4c40-86a6-f2beaa928ae7-prompt has 4 malformed run(s)",
  "nextAction": "Malformed run rows are visible here but not auto-repaired. Runner execution tolerates them (uses the latest valid run). To quarantine malformed rows: pd runtime internalization integrity-repair --confirm --json"
}
