{
  "ok": true,
  "count": 2,
  "workspace": "D:\\.openclaw\\workspace",
  "tasks": [
    {
      "taskId": "diagnosis_manual_1781525232835_va394ait",
      "taskKind": "diagnostician",
      "status": "failed",
      "attemptCount": 0,
      "maxAttempts": 3,
      "leaseOwner": null,
      "leaseExpiresAt": null,
      "createdAt": "2026-06-15T12:07:12.862Z",
      "updatedAt": "2026-06-15T12:07:14.246Z"
    },
    {
      "taskId": "diag_rootcause-diagnosis_manual_1781525232835_va394ait",
      "taskKind": "diag_rootcause",
      "status": "retry_wait",
      "attemptCount": 1,
      "maxAttempts": 3,
      "leaseOwner": null,
      "leaseExpiresAt": "2026-06-15T12:08:12.555Z",
      "createdAt": "2026-06-15T12:07:14.228Z",
      "updatedAt": "2026-06-15T12:07:14.245Z"
    }
  ]
}
